Block 1
  in:
  out:
    i 4 
    input 
    n 
    sum 2 
    v0 
    v1 2 
    v3 4 
Block 2
  in:
    i 4 17 
    input 
    n 
    sum 2 13 
    v0 
    v1 2 
    v10 12 
    v11 13 
    v12 4 17 
    v13 16 
    v14 17 
    v3 4 
    v4 4 17 
    v5 
    v6 8 
    v7 2 13 
    v8 10 
    v9 4 17 
  out:
    i 4 17 
    input 
    n 
    sum 2 13 
    v0 
    v1 2 
    v10 12 
    v11 13 
    v12 4 17 
    v13 16 
    v14 17 
    v3 4 
    v4 4 17 
    v5 
    v6 8 
    v7 2 13 
    v8 10 
    v9 4 17 
Block 3
  in:
    i 4 17 
    input 
    n 
    sum 2 13 
    v0 
    v1 2 
    v10 12 
    v11 13 
    v12 4 17 
    v13 16 
    v14 17 
    v3 4 
    v4 4 17 
    v5 
    v6 8 
    v7 2 13 
    v8 10 
    v9 4 17 
  out:
    i 17 
    input 
    n 
    sum 13 
    v0 
    v1 2 
    v10 12 
    v11 13 
    v12 4 17 
    v13 16 
    v14 17 
    v3 4 
    v4 4 17 
    v5 
    v6 8 
    v7 2 13 
    v8 10 
    v9 4 17 
Block 4
  in:
    i 4 17 
    input 
    n 
    sum 2 13 
    v0 
    v1 2 
    v10 12 
    v11 13 
    v12 4 17 
    v13 16 
    v14 17 
    v3 4 
    v4 4 17 
    v5 
    v6 8 
    v7 2 13 
    v8 10 
    v9 4 17 
  out:
    i 4 17 
    input 
    n 
    sum 2 13 
    v0 
    v1 2 
    v10 12 
    v11 13 
    v12 4 17 
    v13 16 
    v14 17 
    v15 2 13 
    v16 20 
    v3 4 
    v4 4 17 
    v5 
    v6 8 
    v7 2 13 
    v8 10 
    v9 4 17 
