{
    "functions": [
        {
            "instrs": [
                {
                    "dest": "a",
                    "op": "const",
                    "type": "int",
                    "value": 1
                },
                {
                    "args": [
                        "a"
                    ],
                    "op": "print"
                }
            ],
            "name": "main"
        }
    ]
}
