{
    "functions": [
        {
            "instrs": [
                {
                    "dest": "prod",
                    "op": "const",
                    "value": 36
                },
                {
                    "args": [
                        "prod"
                    ],
                    "op": "print"
                }
            ],
            "name": "main"
        }
    ]
}
