{
    "functions": [
        {
            "instrs": [
                {
                    "dest": "a",
                    "op": "const",
                    "type": "int",
                    "value": 5
                },
                {
                    "dest": "b",
                    "op": "const",
                    "type": "int",
                    "value": 8
                },
                {
                    "dest": "c",
                    "op": "const",
                    "type": "bool",
                    "value": true
                },
                {
                    "dest": "d",
                    "op": "const",
                    "type": "bool",
                    "value": false
                },
                {
                    "args": [
                        "d"
                    ],
                    "op": "print"
                }
            ],
            "name": "main"
        }
    ]
}
