{"functions":[{"instrs":[{"dest":"a","op":"const","type":"int","value":1},{"args":["a"],"dest":"b","op":"id","type":"int"},{"args":["a"],"dest":"c","op":"id","type":"int"},{"args":["a"],"op":"print"}],"name":"main"}]}
