{
    "functions": [
        {
            "instrs": [
                {
                    "dest": "a",
                    "op": "const",
                    "type": "int",
                    "value": 1
                },
                {
                    "dest": "b",
                    "op": "const",
                    "type": "int",
                    "value": 2
                },
                {
                    "args": [
                        "a",
                        "b"
                    ],
                    "dest": "c",
                    "op": "add",
                    "type": "int"
                },
                {
                    "args": [
                        "c"
                    ],
                    "dest": "d",
                    "op": "id"
                },
                {
                    "args": [
                        "c"
                    ],
                    "dest": "e",
                    "op": "id",
                    "type": "int"
                },
                {
                    "args": [
                        "c"
                    ],
                    "op": "print"
                }
            ],
            "name": "main"
        }
    ]
}
