{"functions":[{"instrs":[{"dest":"v1","op":"const","type":"int","value":4},{"dest":"v2_copy1","op":"const","type":"int","value":0},{"args":["v2_copy1"],"dest":"mul1","op":"id","type":"int"},{"args":["v1"],"dest":"add1","op":"id","type":"int"},{"dest":"v2_copy4","op":"const","type":"int","value":3},{"args":["v2_copy1"],"op":"print"},{"args":["v1"],"op":"print"},{"args":["v2_copy4"],"dest":"v3","op":"id","type":"int"},{"args":["v2_copy4"],"op":"print"},{"dest":"v2","op":"const","type":"int","value":5},{"args":["v2"],"op":"print"}],"name":"main"}]}
