{
    "functions": [
        {
            "instrs": [
                {
                    "dest": "a",
                    "op": "const",
                    "type": "int",
                    "value": 4
                },
                {
                    "dest": "b",
                    "op": "const",
                    "type": "int",
                    "value": 2
                },
                {
                    "dest": "sum1",
                    "op": "const",
                    "type": "int",
                    "value": 6
                },
                {
                    "args": [
                        "sum1"
                    ],
                    "dest": "sum2",
                    "op": "id",
                    "type": "int"
                },
                {
                    "dest": "prod",
                    "op": "const",
                    "type": "int",
                    "value": 36
                },
                {
                    "args": [
                        "prod"
                    ],
                    "op": "print"
                }
            ],
            "name": "main"
        }
    ]
}
