{"functions":[{"instrs":[{"dest":"a","op":"const","type":"int","value":1},{"dest":"b","op":"const","type":"int","value":2},{"dest":"c","op":"const","type":"int","value":3},{"args":["c"],"dest":"d","op":"id","type":"int"},{"args":["c"],"dest":"e","op":"id","type":"int"},{"args":["c"],"op":"print"}],"name":"main"}]}
