printing dominators
Block 1 is dominated by: 1 
Block 2 is dominated by: 1 2 
Block 3 is dominated by: 1 3 
Block 4 is dominated by: 1 3 4 
Block 5 is dominated by: 1 3 5 
Block 6 is dominated by: 6 

printing immediate dominators
Block 1 is dominated by: 
Block 2 is dominated by: 1 
Block 3 is dominated by: 1 
Block 4 is dominated by: 3 
Block 5 is dominated by: 3 
Block 6 is dominated by: 

printing dominance frontier
Block 1 dominance frontier: 
Block 2 dominance frontier: 
Block 3 dominance frontier: 1 
Block 4 dominance frontier: 1 
Block 5 dominance frontier: 1 
Block 6 dominance frontier: 1 
