printing dominators
Block 1 is dominated by: 1 
Block 2 is dominated by: 1 2 3 5 
Block 3 is dominated by: 1 3 
Block 4 is dominated by: 1 3 4 
Block 5 is dominated by: 1 3 5 
Block 6 is dominated by: 1 3 5 6 
Block 7 is dominated by: 1 3 5 7 

printing immediate dominators
Block 1 is dominated by: 
Block 2 is dominated by: 5 
Block 3 is dominated by: 1 
Block 4 is dominated by: 3 
Block 5 is dominated by: 3 
Block 6 is dominated by: 5 
Block 7 is dominated by: 5 

printing dominance frontier
Block 1 dominance frontier: 
Block 2 dominance frontier: 
Block 3 dominance frontier: 
Block 4 dominance frontier: 
Block 5 dominance frontier: 3 
Block 6 dominance frontier: 3 
Block 7 dominance frontier: 3 
