Block 1 is dominated by: 1 
Block 2 is dominated by: 1 2 
Block 3 is dominated by: 1 2 3 
Block 4 is dominated by: 1 2 3 4 
Block 5 is dominated by: 1 2 3 5 
Block 6 is dominated by: 1 2 6 
