Block 1
  in:
  out:
    counter 2 
    v1 0 
    v2 1 
Block 2
  in:
    counter 2 11 
    v1 0 
    v10 2 11 
    v11 10 
    v12 11 
    v2 1 
    v3 6 
    v4 8 
    v7 2 11 
    v8 4 
    v9 5 
  out:
    counter 2 11 
    v1 0 
    v10 2 11 
    v11 10 
    v12 11 
    v2 1 
    v3 6 
    v4 8 
    v7 2 11 
    v8 4 
    v9 5 
Block 3
  in:
    counter 2 11 
    v1 0 
    v10 2 11 
    v11 10 
    v12 11 
    v2 1 
    v3 6 
    v4 8 
    v7 2 11 
    v8 4 
    v9 5 
  out:
    counter 2 11 
    v1 0 
    v10 2 11 
    v11 10 
    v12 11 
    v2 1 
    v3 6 
    v4 8 
    v7 2 11 
    v8 4 
    v9 5 
Block 4
  in:
    counter 2 11 
    v1 0 
    v10 2 
    v11 10 
    v12 11 
    v2 1 
    v3 6 
    v4 8 
    v7 2 11 
    v8 4 
    v9 5 
  out:
    counter 2 11 
    v1 0 
    v10 2 
    v11 10 
    v12 11 
    v2 1 
    v3 6 
    v4 7 
    v7 2 11 
    v8 4 
    v9 5 
Block 5
  in:
    counter 2 11 
    v1 0 
    v10 2 
    v11 10 
    v12 11 
    v2 1 
    v3 6 
    v4 7 8 
    v7 2 11 
    v8 4 
    v9 5 
  out:
    counter 11 
    v1 0 
    v10 2 11 
    v11 10 
    v12 11 
    v2 1 
    v3 6 
    v4 8 
    v7 2 11 
    v8 4 
    v9 5 
Block 6
  in:
    counter 2 11 
    v1 0 
    v10 2 11 
    v11 10 
    v12 11 
    v2 1 
    v3 6 
    v4 8 
    v7 2 11 
    v8 4 
    v9 5 
  out:
    counter 2 11 
    v1 0 
    v10 2 11 
    v11 10 
    v12 11 
    v2 1 
    v3 6 
    v4 8 
    v7 2 11 
    v8 4 
    v9 5 
