block: for.body.2
{"args":["sum"],"dest":"v7","label":null,"op":"id","type":"float"}
{"args":["i"],"dest":"v8","label":null,"op":"id","type":"float"}
{"args":["v7","v8"],"dest":"v9","label":null,"op":"fadd","type":"float"}
{"args":["v9"],"dest":"sum","label":null,"op":"id","type":"float"}
{"args":["i"],"dest":"v10","label":null,"op":"id","type":"float"}
{"dest":"v11","label":null,"op":"const","type":"float","value":1}
{"args":["v10","v11"],"dest":"v12","label":null,"op":"fadd","type":"float"}
{"args":["v12"],"dest":"i","label":null,"op":"id","type":"float"}
{"labels":["for.cond.2"],"op":"jmp"}
-----

block: for.cond.2
{"args":["i"],"dest":"v4","label":null,"op":"id","type":"float"}
{"args":["n"],"dest":"v5","label":null,"op":"id","type":"float"}
{"args":["v4","v5"],"dest":"v6","label":null,"op":"fle","type":"bool"}
{"args":["v6"],"labels":["for.body.2","for.end.2"],"op":"br"}
-----

block: for.end.2
{"args":["sum"],"dest":"v13","label":null,"op":"id","type":"float"}
{"args":["v13"],"label":null,"op":"print"}
{"dest":"v14","label":null,"op":"const","type":"int","value":0}
-----

block: main
{"dest":"v0","label":null,"op":"const","type":"float","value":10}
{"args":["v0"],"dest":"n","label":null,"op":"id","type":"float"}
{"dest":"v1","label":null,"op":"const","type":"float","value":0}
{"args":["v1"],"dest":"sum","label":null,"op":"id","type":"float"}
{"dest":"v3","label":null,"op":"const","type":"float","value":1}
{"args":["v3"],"dest":"i","label":null,"op":"id","type":"float"}
-----

Connections:
for.body.2-->for.cond.2
for.cond.2-->for.body.2
for.cond.2-->for.end.2
main-->for.cond.2
